RAM Allocation
Variable                                                          Address   Size
--------------------------------------------------------------------------------
data                                                              0500h        1
data1                                                             0501h        1
data2                                                             0502h        1
h                                                                 0503h        1
m                                                                 0504h        1
s                                                                 0505h        1
p                                                                 0506h        2

EEPROM Allocation
Variable                                                          Address   Size
--------------------------------------------------------------------------------

Register Allocation
Variable                                                          Register  Size
--------------------------------------------------------------------------------
